[validthemes.live/themeforest/essay/index-banner.html]
[backblue.gif]
[fade.gif]
[index.html]
[validthemes.live/themeforest/essay/assets/img/favicon.png]
[validthemes.live/themeforest/essay/index.html]
[validthemes.live/themeforest/essay/assets/img/logo-light.png]
[validthemes.live/themeforest/essay/assets/img/logo.png]
[validthemes.live/themeforest/essay/assets/img/banner/6.jpg]
[validthemes.live/themeforest/essay/assets/css/plugins.min.css]
[validthemes.live/themeforest/essay/assets/img/author/3.jpg]
[validthemes.live/themeforest/essay/assets/img/banner/2.jpg]
[validthemes.live/themeforest/essay/assets/img/portfolio/1.jpg]
[validthemes.live/themeforest/essay/assets/img/portfolio/2.jpg]
[validthemes.live/themeforest/essay/assets/img/portfolio/3.jpg]
[validthemes.live/themeforest/essay/assets/img/portfolio/4.jpg]
[validthemes.live/themeforest/essay/assets/img/portfolio/8.jpg]
[validthemes.live/themeforest/essay/assets/img/portfolio/9.jpg]
[validthemes.live/themeforest/essay/assets/img/portfolio/10.jpg]
[validthemes.live/themeforest/essay/assets/img/banner/3.jpg]
[validthemes.live/themeforest/essay/assets/img/author/8.jpg]
[validthemes.live/themeforest/essay/assets/img/author/9.jpg]
[validthemes.live/themeforest/essay/assets/img/author/10.jpg]
[validthemes.live/themeforest/essay/single.html]
[validthemes.live/themeforest/essay/assets/img/blog/1.jpg]
[validthemes.live/themeforest/essay/assets/img/blog/2.jpg]
[validthemes.live/themeforest/essay/assets/img/blog/3.jpg]
[validthemes.live/themeforest/essay/assets/img/banner/4.jpg]
[validthemes.live/themeforest/essay/index-banner.html]
[validthemes.live/themeforest/essay/assets/js/plugins.min.js]
[validthemes.live/themeforest/essay/assets/fonts/glyphicons-halflings-regular.eot]
[validthemes.live/themeforest/essay/assets/fonts/glyphicons-halflings-regulard41d.eot]
[validthemes.live/themeforest/essay/assets/fonts/glyphicons-halflings-regular.woff2]
[validthemes.live/themeforest/essay/assets/fonts/glyphicons-halflings-regular.woff]
[validthemes.live/themeforest/essay/assets/fonts/glyphicons-halflings-regular.ttf]
[validthemes.live/themeforest/essay/assets/fonts/fontawesome-webfont3e6e.eot]
[validthemes.live/themeforest/essay/assets/fonts/glyphicons-halflings-regular.svg]
[validthemes.live/themeforest/essay/assets/fonts/fontawesome-webfontd41d.eot]
[validthemes.live/themeforest/essay/assets/fonts/fontawesome-webfont3e6e.woff2]
[validthemes.live/themeforest/essay/assets/fonts/fontawesome-webfont3e6e.woff]
[validthemes.live/themeforest/essay/assets/fonts/fontawesome-webfont3e6e.ttf]
[validthemes.live/themeforest/essay/assets/css/plugins.min.css]
[validthemes.live/themeforest/essay/assets/img/demo/bg.jpg]
[validthemes.live/themeforest/essay/assets/img/logo-extra.png]
[validthemes.live/themeforest/essay/assets/img/demo/banner.jpg]
[validthemes.live/themeforest/essay/assets/fonts/fontawesome-webfont3e6e.svg]
[validthemes.live/themeforest/essay/index-video.html]
[validthemes.live/themeforest/essay/assets/img/demo/video.jpg]
[validthemes.live/themeforest/essay/index-particle.html]
[validthemes.live/themeforest/essay/assets/img/demo/particle.jpg]
[validthemes.live/themeforest/essay/blog.html]
[validthemes.live/themeforest/essay/assets/img/demo/blog.jpg]
[validthemes.live/themeforest/essay/assets/img/demo/single.jpg]
[validthemes.live/themeforest/essay/index.html]
[validthemes.live/themeforest/essay/single.html]
[validthemes.live/themeforest/essay/assets/fonts/glyphicons-halflings-regular.svg]
[validthemes.live/themeforest/essay/assets/fonts/fontawesome-webfont3e6e.svg]
[validthemes.live/themeforest/essay/assets/css/owl.video.play.html]
[validthemes.live/themeforest/essay/assets/css/assets/img/preloader.html]
[validthemes.live/themeforest/essay/assets/style.html]
[validthemes.live/themeforest/essay/assets/img/banner/7.jpg]
[validthemes.live/themeforest/essay/assets/img/author/2.jpg]
[validthemes.live/themeforest/essay/index-video.html]
[validthemes.live/themeforest/essay/assets/img/banner/8.jpg]
[validthemes.live/themeforest/essay/assets/img/author/1.jpg]
[validthemes.live/themeforest/essay/index-particle.html]
[validthemes.live/themeforest/essay/blog.html]
